#-----------------------------------------------------------
# Vivado v2024.1 (64-bit)
# SW Build 5076996 on Wed May 22 18:37:14 MDT 2024
# IP Build 5075265 on Wed May 22 21:45:21 MDT 2024
# SharedData Build 5076995 on Wed May 22 18:29:18 MDT 2024
# Start of session at: Fri Jun 28 15:08:58 2024
# Process ID: 18048
# Current directory: C:/Users/pasir/Desktop/FPGA_Projects/Full_Adder/CLK/CLK.runs/impl_1
# Command line: vivado.exe -log alu_ip.vdi -applog -product Vivado -messageDb vivado.pb -mode batch -source alu_ip.tcl -notrace
# Log file: C:/Users/pasir/Desktop/FPGA_Projects/Full_Adder/CLK/CLK.runs/impl_1/alu_ip.vdi
# Journal file: C:/Users/pasir/Desktop/FPGA_Projects/Full_Adder/CLK/CLK.runs/impl_1\vivado.jou
# Running On        :Mavishan
# Platform          :Windows Server 2016 or Windows 10
# Operating System  :22631
# Processor Detail  :12th Gen Intel(R) Core(TM) i7-12700H
# CPU Frequency     :2688 MHz
# CPU Physical cores:14
# CPU Logical cores :20
# Host memory       :16830 MB
# Swap memory       :12348 MB
# Total Virtual     :29178 MB
# Available Virtual :9735 MB
#-----------------------------------------------------------
source alu_ip.tcl -notrace
